笨・four legacy modes dispatch with copied trusted contracts and unchanged result shape (2.0374ms)
笨・all canonical lessons register without mutation; registry snapshot ignores later caller changes (1.5829ms)
笨・unknown and native modes, duplicate IDs and malformed conditions reject before dispatch (0.6837ms)
笨・invalid requests and pre-aborted requests never invoke any grader (0.6833ms)
笨・mismatched, sparse, nonboolean and nonstring result rows cannot become success (2.1083ms)
笨・outcome mismatch guard rejects other run, lesson, code, mode, schema and row ordering (0.5191ms)
笨・request and result snapshots resist mutation after async dispatch and completion (0.3691ms)
笨・cancelled slow success never revives; identical-code retry retains new run identity (0.3896ms)
笨・late errors after cancel are consumed, and synchronous/asynchronous failures permit retry (0.4258ms)
笨・legacy v1, single input, stale/mismatched result and save denial preserve repository semantics (1.4301ms)
笨・correlated result terminates worker; unrelated message ignored (1.2927ms)
笨・timeout terminates and allows retry (9.7249ms)
笨・replacement cancels; stale callback ignored; stop idempotent (0.4506ms)
笨・error, decode error, malformed reply release worker (0.4158ms)
笨・creation and send errors resolve and release resources (0.4826ms)
笨・invalid arguments never cancel active job (0.6229ms)
笨・real worker: infinite loop terminates, UI thread remains responsive, retry succeeds (173.033ms)
笨・cancel during worker creation terminates the returned host before sending (0.6314ms)
笨・all 21 legacy values, ordering, IDs, content and payload match immutable published baseline (10.2001ms)
笨・common JSON roundtrip is exact; returned snapshots are detached and recursively immutable (3.5528ms)
笨・required schema, version, identifiers and learning metadata reject malformed definitions (0.8267ms)
笨・unknown/native and mixed mode payloads reject before any grading dependency runs (0.8805ms)
笨・HTML condition kinds, selectors, values, counts and duplicate/sparse rows are checked (0.7803ms)
笨・CSS aggregate checks, widths and every per-width expectation retain strict shape (1.4485ms)
笨・numerical and DOM payloads check expectations, inputs, selectors, steps and properties (1.6535ms)
笨・non-JSON functions, symbols, hidden/accessor fields and cyclic input cannot be serialized silently (0.6722ms)
笨・catalog rejects duplicate, missing, cross-course and cyclic navigation; source order remains unchanged (17.8589ms)
笨・legacy CSS source validates hidden fields, dense arrays and accessors before optional cleanup (1.2091ms)
笨・real adapter consumes common catalog while legacy API yields identical spec/results for all modes (6.5411ms)
笨・common catalog introduces no progress upgrade; incomplete legacy code/results and refusal survive reload (0.6187ms)
笨・exported Unicode/raw HTML-like code matches manifest and current snapshot without execution (12.5276ms)
笨・manifest mismatch and stale current code are separate observations (3.6336ms)
笨・strict filenames, cardinality and manifest semantics reject before claiming integrity (3.304ms)
笨・caps reject unread bytes; exact UTF-8 boundaries and empty code remain valid content checks (5.5787ms)
笨・invalid UTF-8, read failure, inconsistent metadata and digest failure have no positive result (3.922ms)
笨・abort releases pending read/hash and rejects late outcomes; current strings are snapshotted (1.8275ms)
笨・hung reads time out within bounded diagnostic deadline (5000.23ms)
笨・resource function tokens include string image URLs and CSS escapes (1.2545ms)
笨・ordinary colors/layout/variables and quoted text remain available (0.2981ms)
笨・snapshot copies exactly three complete files (1.4301ms)
笨・UTF-8 limits reject overflow and unpaired surrogate without truncation (0.4132ms)
笨・restore and reset affect only project key, preserving old progress (1.3651ms)
笨・corrupt raw survives load and editing until explicit reset (0.5985ms)
笨・storage failures and oversized edits preserve in-memory work (0.5216ms)
笨・repeated export preserves bytes and matching real SHA-256 hashes (5.4633ms)
笨・async digest snapshots edits and cancellation/error never returns a bundle (1.7226ms)
笨・new lesson starter is incomplete; existing workspace bytes survive registration (2.1334ms)
笨・attempts and historical completion survive reload; reset changes only project01 history (0.9401ms)
笨・corrupt history is retained until explicit reset (0.2362ms)
笨・get/set failures keep the in-memory result without claiming persistence (0.1566ms)
邃ｹ tests 50
邃ｹ suites 0
邃ｹ pass 50
邃ｹ fail 0
邃ｹ cancelled 0
邃ｹ skipped 0
邃ｹ todo 0
邃ｹ duration_ms 5141.8045
